// Jest Snapshot v1, https://goo.gl/fbAQLP

exports[`Grid renders correctly 1`] = `
.c0 {
  box-sizing: border-box;
  display: -webkit-box;
  display: -webkit-flex;
  display: -ms-flexbox;
  display: flex;
  -webkit-flex-wrap: wrap;
  -ms-flex-wrap: wrap;
  flex-wrap: wrap;
  width: 100%;
  margin: -8px;
  width: calc(100% + 16px);
}

.c0 > .__grid_item__ {
  padding: 8px;
}

.c1 {
  box-sizing: border-box;
  margin: 0;
  -webkit-flex-basis: 100%;
  -ms-flex-preferred-size: 100%;
  flex-basis: 100%;
  max-width: 100%;
}

<div
  className="c0"
  spacing={16}
>
  <div
    className="__grid_item__ c1"
    spacing={0}
  />
</div>
`;
